** Drc report for chk.kicad_pcb **
** Created on 2026-09-16T23:32:36 **
** Report includes: Errors, Warnings **

** Found 61 DRC violations **
[copper_edge_clearance]: Board edge clearance violation (board setup constraints edge clearance 0.5000 mm; actual 0.0000 mm)
    Rule: board setup constraints edge; error
    @(106.1000 mm, 118.3000 mm): Segment on Edge.Cuts
    @(106.2400 mm, 120.2000 mm): PTH pad 2 [AGND] of P1
[silk_edge_clearance]: Silkscreen clipped by board edge
    Rule: board setup constraints silk; warning
    @(63.9840 mm, 146.6463 mm): Segment on Edge.Cuts
    @(76.2000 mm, 148.2000 mm): PCB text 'GAS REV C JACK DECK - ILLICIT APOTHECARY' on F.Silkscreen
[silk_edge_clearance]: Silkscreen clipped by board edge
    Rule: board setup constraints silk; warning
    @(46.3000 mm, 118.3000 mm): Segment on Edge.Cuts
    @(45.0500 mm, 117.4500 mm): Segment of P3 on B.Silkscreen
[silk_edge_clearance]: Silkscreen clipped by board edge
    Rule: board setup constraints silk; warning
    @(46.3000 mm, 118.3000 mm): Segment on Edge.Cuts
    @(33.9500 mm, 117.7500 mm): Rectangle of P3 on B.Silkscreen
[silk_edge_clearance]: Silkscreen clipped by board edge
    Rule: board setup constraints silk; warning
    @(46.3000 mm, 118.3000 mm): Segment on Edge.Cuts
    @(41.4500 mm, 117.7500 mm): Rectangle of P3 on B.Silkscreen
[silk_edge_clearance]: Silkscreen clipped by board edge
    Rule: board setup constraints silk; warning
    @(46.3000 mm, 118.3000 mm): Segment on Edge.Cuts
    @(44.7500 mm, 117.7500 mm): Rectangle of P3 on B.Silkscreen
[silk_edge_clearance]: Silkscreen clipped by board edge
    Rule: board setup constraints silk; warning
    @(46.3000 mm, 118.3000 mm): Segment on Edge.Cuts
    @(44.7600 mm, 117.7400 mm): Rectangle of P3 on B.Silkscreen
[silk_edge_clearance]: Silkscreen clipped by board edge
    Rule: board setup constraints silk; warning
    @(106.1000 mm, 118.3000 mm): Segment on Edge.Cuts
    @(96.2600 mm, 125.1100 mm): Segment of P1 on B.Silkscreen
[silk_edge_clearance]: Silkscreen clipped by board edge
    Rule: board setup constraints silk; warning
    @(122.1000 mm, 118.3000 mm): Segment on Edge.Cuts
    @(112.2600 mm, 125.1100 mm): Segment of P1 on B.Silkscreen
[silk_edge_clearance]: Silkscreen clipped by board edge
    Rule: board setup constraints silk; warning
    @(46.3000 mm, 118.3000 mm): Segment on Edge.Cuts
    @(78.7600 mm, 113.7400 mm): Rectangle of P2 on B.Silkscreen
[silk_overlap]: Silkscreen clearance
    Rule: board setup constraints silk; warning
    @(39.5750 mm, 101.7250 mm): Reference field of Q4
    @(38.0750 mm, 101.1850 mm): Segment of D53 on F.Silkscreen
[silk_overlap]: Silkscreen clearance
    Rule: board setup constraints silk; warning
    @(35.5150 mm, 98.3350 mm): Reference field of R58
    @(35.3050 mm, 97.8050 mm): Segment of U5 on F.Silkscreen
[silk_overlap]: Silkscreen clearance
    Rule: board setup constraints silk; warning
    @(31.2450 mm, 98.3350 mm): Reference field of C54
    @(35.3050 mm, 97.8050 mm): Segment of U5 on F.Silkscreen
[silk_overlap]: Silkscreen clearance
    Rule: board setup constraints silk; warning
    @(31.1850 mm, 97.8050 mm): Segment of U5 on F.Silkscreen
    @(31.2450 mm, 98.3350 mm): Reference field of C54
[silk_overlap]: Silkscreen clearance
    Rule: board setup constraints silk; warning
    @(40.0250 mm, 106.2150 mm): Reference field of C55
    @(40.3350 mm, 105.6850 mm): Segment of Q4 on F.Silkscreen
[silk_overlap]: Silkscreen clearance
    Rule: board setup constraints silk; warning
    @(38.8150 mm, 105.6850 mm): Segment of Q4 on F.Silkscreen
    @(40.0250 mm, 106.2150 mm): Reference field of C55
[silk_overlap]: Silkscreen clearance
    Rule: board setup constraints silk; warning
    @(40.3350 mm, 104.6850 mm): Segment of Q4 on F.Silkscreen
    @(40.0250 mm, 106.2150 mm): Reference field of C55
[silk_overlap]: Silkscreen clearance
    Rule: board setup constraints silk; warning
    @(35.5150 mm, 98.3350 mm): Reference field of R58
    @(35.3050 mm, 97.7100 mm): Segment of U5 on F.Silkscreen
[silk_overlap]: Silkscreen clearance
    Rule: board setup constraints silk; warning
    @(90.6650 mm, 32.2350 mm): Reference field of C1010
    @(86.6150 mm, 32.2350 mm): Reference field of R1011
[silk_overlap]: Silkscreen clearance
    Rule: board setup constraints silk; warning
    @(78.0750 mm, 35.2850 mm): Reference field of R1012
    @(74.0250 mm, 35.2850 mm): Reference field of R1013
[silk_overlap]: Silkscreen clearance
    Rule: board setup constraints silk; warning
    @(74.1337 mm, 31.6050 mm): Segment of C105 on F.Silkscreen
    @(74.0250 mm, 32.2350 mm): Reference field of R107
[silk_overlap]: Silkscreen clearance
    Rule: board setup constraints silk; warning
    @(101.0337 mm, 34.6500 mm): Segment of C306 on F.Silkscreen
    @(101.0750 mm, 35.2850 mm): Reference field of R3013
[silk_overlap]: Silkscreen clearance
    Rule: board setup constraints silk; warning
    @(105.1250 mm, 35.2850 mm): Reference field of R3014
    @(101.0750 mm, 35.2850 mm): Reference field of R3013
[silk_overlap]: Silkscreen clearance
    Rule: board setup constraints silk; warning
    @(83.7650 mm, 28.8450 mm): Reference field of R1010
    @(79.7150 mm, 28.8450 mm): Reference field of R109
[silk_overlap]: Silkscreen clearance
    Rule: board setup constraints silk; warning
    @(97.0250 mm, 35.2850 mm): Reference field of R3012
    @(101.0750 mm, 35.2850 mm): Reference field of R3013
[silk_overlap]: Silkscreen clearance
    Rule: board setup constraints silk; warning
    @(97.1337 mm, 31.6050 mm): Segment of C305 on F.Silkscreen
    @(97.0250 mm, 32.2350 mm): Reference field of R307
[silk_overlap]: Silkscreen clearance
    Rule: board setup constraints silk; warning
    @(78.0750 mm, 35.2850 mm): Reference field of R1012
    @(82.1250 mm, 35.2850 mm): Reference field of R1014
[silk_overlap]: Silkscreen clearance
    Rule: board setup constraints silk; warning
    @(82.1250 mm, 35.2850 mm): Reference field of R1014
    @(82.0837 mm, 34.6500 mm): Segment of C107 on F.Silkscreen
[silk_overlap]: Silkscreen clearance
    Rule: board setup constraints silk; warning
    @(55.3050 mm, 34.8050 mm): Segment of U3 on F.Silkscreen
    @(55.9750 mm, 35.3350 mm): Reference field of C51
[silk_overlap]: Silkscreen clearance
    Rule: board setup constraints silk; warning
    @(55.3050 mm, 34.7100 mm): Segment of U3 on F.Silkscreen
    @(55.9750 mm, 35.3350 mm): Reference field of C51
[silk_overlap]: Silkscreen clearance
    Rule: board setup constraints silk; warning
    @(51.4750 mm, 35.3350 mm): Reference field of Q2
    @(51.1850 mm, 34.8050 mm): Segment of U3 on F.Silkscreen
[silk_overlap]: Silkscreen clearance
    Rule: board setup constraints silk; warning
    @(51.4750 mm, 35.3350 mm): Reference field of Q2
    @(55.3050 mm, 34.8050 mm): Segment of U3 on F.Silkscreen
[silk_overlap]: Silkscreen clearance
    Rule: board setup constraints silk; warning
    @(20.0250 mm, 35.3350 mm): Reference field of R105
    @(24.3050 mm, 34.8050 mm): Segment of U1 on F.Silkscreen
[silk_overlap]: Silkscreen clearance
    Rule: board setup constraints silk; warning
    @(24.3050 mm, 34.8050 mm): Segment of U1 on F.Silkscreen
    @(24.0750 mm, 35.3350 mm): Reference field of R106
[silk_overlap]: Silkscreen clearance
    Rule: board setup constraints silk; warning
    @(24.0750 mm, 35.3350 mm): Reference field of R106
    @(24.3050 mm, 34.7100 mm): Segment of U1 on F.Silkscreen
[silk_overlap]: Silkscreen clearance
    Rule: board setup constraints silk; warning
    @(26.6350 mm, 38.1850 mm): Segment of D11 on F.Silkscreen
    @(25.8150 mm, 38.7250 mm): Reference field of C102
[silk_overlap]: Silkscreen clearance
    Rule: board setup constraints silk; warning
    @(30.7350 mm, 38.5750 mm): Reference field of D13
    @(26.6350 mm, 38.1850 mm): Segment of D11 on F.Silkscreen
[silk_overlap]: Silkscreen clearance
    Rule: board setup constraints silk; warning
    @(40.5250 mm, 38.1850 mm): Segment of D12 on F.Silkscreen
    @(39.7050 mm, 38.7250 mm): Reference field of C108
[silk_overlap]: Silkscreen clearance
    Rule: board setup constraints silk; warning
    @(43.7550 mm, 38.7250 mm): Reference field of C109
    @(40.5250 mm, 38.1850 mm): Segment of D12 on F.Silkscreen
[silk_overlap]: Silkscreen clearance
    Rule: board setup constraints silk; warning
    @(107.5350 mm, 81.6950 mm): Segment of D51 on F.Silkscreen
    @(109.0250 mm, 82.2350 mm): Reference field of R51
[silk_overlap]: Silkscreen clearance
    Rule: board setup constraints silk; warning
    @(108.7877 mm, 84.1875 mm): Segment of R51 on F.Silkscreen
    @(109.0250 mm, 84.7850 mm): Reference field of R57
[silk_overlap]: Silkscreen clearance
    Rule: board setup constraints silk; warning
    @(102.7150 mm, 28.8450 mm): Reference field of R3010
    @(106.7650 mm, 28.8450 mm): Reference field of R309
[silk_overlap]: Silkscreen clearance
    Rule: board setup constraints silk; warning
    @(105.5650 mm, 32.2350 mm): Reference field of R308
    @(109.6150 mm, 32.2350 mm): Reference field of R3011
[silk_overlap]: Silkscreen clearance
    Rule: board setup constraints silk; warning
    @(113.3250 mm, 79.6950 mm): Segment of D52 on F.Silkscreen
    @(113.0750 mm, 82.2350 mm): Reference field of R53
[silk_overlap]: Silkscreen clearance
    Rule: board setup constraints silk; warning
    @(113.3250 mm, 81.6950 mm): Segment of D52 on F.Silkscreen
    @(117.1250 mm, 82.2350 mm): Reference field of C53
[silk_overlap]: Silkscreen clearance
    Rule: board setup constraints silk; warning
    @(113.3250 mm, 81.6950 mm): Segment of D52 on F.Silkscreen
    @(113.0750 mm, 82.2350 mm): Reference field of R53
[silk_overlap]: Silkscreen clearance
    Rule: board setup constraints silk; warning
    @(109.6150 mm, 32.2350 mm): Reference field of R3011
    @(113.6650 mm, 32.2350 mm): Reference field of C3010
[silk_overlap]: Silkscreen clearance
    Rule: board setup constraints silk; warning
    @(113.0750 mm, 84.7850 mm): Reference field of R55
    @(112.8377 mm, 84.1875 mm): Segment of R53 on F.Silkscreen
[silk_overlap]: Silkscreen clearance
    Rule: board setup constraints silk; warning
    @(117.1250 mm, 84.7850 mm): Reference field of R56
    @(116.9844 mm, 84.1750 mm): Segment of C53 on F.Silkscreen
[silk_overlap]: Silkscreen clearance
    Rule: board setup constraints silk; warning
    @(88.5350 mm, 105.4750 mm): Segment of D31 on F.Silkscreen
    @(90.8950 mm, 105.8650 mm): Reference field of D34
[silk_overlap]: Silkscreen clearance
    Rule: board setup constraints silk; warning
    @(88.5350 mm, 106.8650 mm): Segment of D34 on F.Silkscreen
    @(90.0250 mm, 109.4050 mm): Reference field of C308
[silk_overlap]: Silkscreen clearance
    Rule: board setup constraints silk; warning
    @(90.0250 mm, 109.4050 mm): Reference field of C308
    @(88.5350 mm, 108.8650 mm): Segment of D34 on F.Silkscreen
[silk_overlap]: Silkscreen clearance
    Rule: board setup constraints silk; warning
    @(94.0750 mm, 109.4050 mm): Reference field of C309
    @(88.5350 mm, 108.8650 mm): Segment of D34 on F.Silkscreen
[silk_overlap]: Silkscreen clearance
    Rule: board setup constraints silk; warning
    @(94.3050 mm, 97.8050 mm): Segment of U2 on F.Silkscreen
    @(90.0250 mm, 98.3350 mm): Reference field of R304
[silk_overlap]: Silkscreen clearance
    Rule: board setup constraints silk; warning
    @(95.8150 mm, 106.0150 mm): Reference field of R302
    @(94.3250 mm, 103.4750 mm): Segment of D32 on F.Silkscreen
[silk_overlap]: Silkscreen clearance
    Rule: board setup constraints silk; warning
    @(95.8150 mm, 106.0150 mm): Reference field of R302
    @(94.3250 mm, 105.4750 mm): Segment of D32 on F.Silkscreen
[silk_overlap]: Silkscreen clearance
    Rule: board setup constraints silk; warning
    @(96.6850 mm, 102.4750 mm): Reference field of D32
    @(94.1837 mm, 101.9950 mm): Segment of C304 on F.Silkscreen
[silk_overlap]: Silkscreen clearance
    Rule: board setup constraints silk; warning
    @(94.3050 mm, 97.8050 mm): Segment of U2 on F.Silkscreen
    @(94.8950 mm, 98.3350 mm): Reference field of C304
[silk_overlap]: Silkscreen clearance
    Rule: board setup constraints silk; warning
    @(94.3050 mm, 97.7100 mm): Segment of U2 on F.Silkscreen
    @(94.8950 mm, 98.3350 mm): Reference field of C304
[silk_over_copper]: Silkscreen clipped by solder mask
    Local override; warning
    @(96.6850 mm, 102.4750 mm): Reference field of D32
    @(96.3700 mm, 100.6350 mm): Pad 2 [INR_CG] of C304 on F.Cu
[silk_overlap]: Silkscreen clearance
    Rule: board setup constraints silk; warning
    @(62.7600 mm, 106.7400 mm): Rectangle of P4 on B.Silkscreen
    @(62.4500 mm, 112.6500 mm): Reference field of P2

** Found 8 unconnected pads **
[unconnected_items]: Missing connection between items
    Local override; error
    @(60.3225 mm, 30.6450 mm): Pad 5 [+5VAUX] of U4 on F.Cu
    @(57.4433 mm, 30.8025 mm): Track [+5VAUX] on B.Cu, length 5.3065 mm
[unconnected_items]: Missing connection between items
    Local override; error
    @(34.7000 mm, 120.2000 mm): PTH pad 4 [AGND] of P3
    @(38.0542 mm, 110.3908 mm): Track [AGND] on F.Cu, length 3.8831 mm
[unconnected_items]: Missing connection between items
    Local override; error
    @(58.6475 mm, 30.6450 mm): Pad 2 [AGND] of U4 on F.Cu
    @(59.8977 mm, 35.8627 mm): Track [AGND] on F.Cu, length 2.9847 mm
[unconnected_items]: Missing connection between items
    Local override; error
    @(106.2400 mm, 120.2000 mm): PTH pad 2 [AGND] of P1
    @(94.1526 mm, 109.9824 mm): Track [AGND] on F.Cu, length 9.7400 mm
[unconnected_items]: Missing connection between items
    Local override; error
    @(110.2000 mm, 120.2000 mm): PTH pad 1 [+15VA] of P1
    @(99.0850 mm, 107.8650 mm): Track [+15VA] on F.Cu, length 1.6696 mm
[unconnected_items]: Missing connection between items
    Local override; error
    @(37.2000 mm, 120.2000 mm): PTH pad 3 [CTL_BYP] of P3
    @(45.2925 mm, 94.2450 mm): Pad 3 [CTL_BYP] of Q3 on F.Cu
[unconnected_items]: Missing connection between items
    Local override; error
    @(42.2000 mm, 120.2000 mm): PTH pad 1 [CTL_INST_L] of P3
    @(64.8925 mm, 31.2450 mm): Pad 3 [CTL_INST_L] of Q1 on F.Cu
[unconnected_items]: Missing connection between items
    Local override; error
    @(39.7000 mm, 120.2000 mm): PTH pad 2 [CTL_INST_R] of P3
    @(52.4125 mm, 37.7350 mm): Pad 3 [CTL_INST_R] of Q2 on F.Cu

** Found 0 Footprint errors **

** Ignored checks **
    - Footprint has no courtyard defined
    - Track endpoint not centered on via
    - Tuning profile track geometries
    - Footprint doesn't match symbol's footprint filters
    - Footprint component type doesn't match footprint pads

** End of Report **
