** Drc report for circuit-board.kicad_pcb **
** Created on 2026-09-30T06:50:22 **
** Report includes: Errors, Warnings, Exclusions **

** Found 14 DRC violations **
[silk_overlap]: Silkscreen clearance
    Rule: board setup constraints silk; warning
    @(89.1150 mm, 26.2950 mm): Segment of C801 on F.Silkscreen
    @(85.3950 mm, 27.0150 mm): Reference field of C804
[silk_overlap]: Silkscreen clearance
    Rule: board setup constraints silk; warning
    @(5.0250 mm, 104.5950 mm): Reference field of R1349
    @(9.5750 mm, 104.5950 mm): Reference field of C1343
[silk_overlap]: Silkscreen clearance
    Rule: board setup constraints silk; warning
    @(18.5650 mm, 93.8450 mm): Reference field of R1347
    @(23.1150 mm, 93.8450 mm): Reference field of R1344
[silk_overlap]: Silkscreen clearance
    Rule: board setup constraints silk; warning
    @(29.0250 mm, 57.5950 mm): Reference field of R1227
    @(33.5750 mm, 57.5950 mm): Reference field of R1243
[silk_overlap]: Silkscreen clearance
    Rule: board setup constraints silk; warning
    @(25.2650 mm, 130.8150 mm): Reference field of C1345
    @(20.7150 mm, 130.8150 mm): Reference field of R1356
[silk_overlap]: Silkscreen clearance
    Rule: board setup constraints silk; warning
    @(25.2650 mm, 130.8150 mm): Reference field of C1345
    @(29.8150 mm, 130.8150 mm): Reference field of C1346
[silk_overlap]: Silkscreen clearance
    Rule: board setup constraints silk; warning
    @(67.1250 mm, 93.7750 mm): Reference field of R1326
    @(71.6750 mm, 93.7750 mm): Reference field of C1322
[silk_overlap]: Silkscreen clearance
    Rule: board setup constraints silk; warning
    @(71.5650 mm, 83.0250 mm): Reference field of C1302
    @(67.0150 mm, 83.0250 mm): Reference field of R1304
[silk_overlap]: Silkscreen clearance
    Rule: board setup constraints silk; warning
    @(73.7150 mm, 108.4550 mm): Reference field of C1323
    @(69.1650 mm, 108.4550 mm): Reference field of C1304
[silk_overlap]: Silkscreen clearance
    Rule: board setup constraints silk; warning
    @(64.6150 mm, 108.4550 mm): Reference field of C1303
    @(69.1650 mm, 108.4550 mm): Reference field of C1304
[silk_overlap]: Silkscreen clearance
    Rule: board setup constraints silk; warning
    @(78.2650 mm, 108.4550 mm): Reference field of C1324
    @(73.7150 mm, 108.4550 mm): Reference field of C1323
[silk_overlap]: Silkscreen clearance
    Rule: board setup constraints silk; warning
    @(82.8150 mm, 108.4550 mm): Reference field of C1305
    @(78.2650 mm, 108.4550 mm): Reference field of C1324
[silk_overlap]: Silkscreen clearance
    Rule: board setup constraints silk; warning
    @(39.0250 mm, 66.4750 mm): Reference field of R1224
    @(43.5750 mm, 66.4750 mm): Reference field of R1228
[silk_overlap]: Silkscreen clearance
    Rule: board setup constraints silk; warning
    @(42.5650 mm, 46.8450 mm): Reference field of R1241
    @(38.0150 mm, 46.8450 mm): Reference field of R1207

** Found 0 unconnected pads **

** Found 0 Footprint errors **

** Ignored checks **
    - Footprint has no courtyard defined
    - Track endpoint not centered on via
    - Tuning profile track geometries
    - Footprint doesn't match symbol's footprint filters
    - Footprint component type doesn't match footprint pads

** End of Report **
