** Drc report for control-deck.kicad_pcb **
** Created on 2026-09-21T00:50:07 **
** Report includes: Errors, Warnings, Exclusions **

** Found 42 DRC violations **
[silk_overlap]: Silkscreen clearance
    Rule: board setup constraints silk; warning
    @(26.7000 mm, 43.7000 mm): PCB text 'J1 24 + 2x3.2' on F.Silkscreen
    @(25.2000 mm, 42.7000 mm): PCB text 'SRC 6.5' on F.Silkscreen
[silk_overlap]: Silkscreen clearance
    Rule: board setup constraints silk; warning
    @(22.8000 mm, 27.0000 mm): Footprint text of S1 (1)
    @(21.6500 mm, 26.7300 mm): Segment of S1 on F.Silkscreen
[silk_overlap]: Silkscreen clearance
    Rule: board setup constraints silk; warning
    @(42.2000 mm, 23.7000 mm): PCB text 'TUBE 6.5' on F.Silkscreen
    @(42.2000 mm, 24.2000 mm): Reference field of S5
[silk_overlap]: Silkscreen clearance
    Rule: board setup constraints silk; warning
    @(38.6500 mm, 26.7300 mm): Segment of S5 on F.Silkscreen
    @(39.8000 mm, 27.0000 mm): Footprint text of S5 (1)
[silk_overlap]: Silkscreen clearance
    Rule: board setup constraints silk; warning
    @(56.8000 mm, 27.0000 mm): Footprint text of S6 (1)
    @(55.6500 mm, 26.7300 mm): Segment of S6 on F.Silkscreen
[silk_overlap]: Silkscreen clearance
    Rule: board setup constraints silk; warning
    @(59.2000 mm, 23.7000 mm): PCB text 'DIRT 6.5' on F.Silkscreen
    @(59.2000 mm, 24.2000 mm): Reference field of S6
[silk_overlap]: Silkscreen clearance
    Rule: board setup constraints silk; warning
    @(73.8000 mm, 27.0000 mm): Footprint text of S7 (1)
    @(72.6500 mm, 26.7300 mm): Segment of S7 on F.Silkscreen
[silk_overlap]: Silkscreen clearance
    Rule: board setup constraints silk; warning
    @(76.2000 mm, 23.7000 mm): PCB text 'TAPE 6.5' on F.Silkscreen
    @(76.2000 mm, 24.2000 mm): Reference field of S7
[silk_overlap]: Silkscreen clearance
    Rule: board setup constraints silk; warning
    @(76.2000 mm, 143.2000 mm): PCB text 'GAS REV C CONTROL DECK' on F.Silkscreen
    @(78.2000 mm, 142.7000 mm): Rectangle of VR3 on F.Silkscreen
[silk_overlap]: Silkscreen clearance
    Rule: board setup constraints silk; warning
    @(76.2000 mm, 143.2000 mm): PCB text 'GAS REV C CONTROL DECK' on F.Silkscreen
    @(82.3700 mm, 141.1550 mm): Segment of VR3 on F.Silkscreen
[silk_overlap]: Silkscreen clearance
    Rule: board setup constraints silk; warning
    @(76.2000 mm, 143.2000 mm): PCB text 'GAS REV C CONTROL DECK' on F.Silkscreen
    @(70.0300 mm, 141.1550 mm): Segment of VR3 on F.Silkscreen
[silk_overlap]: Silkscreen clearance
    Rule: board setup constraints silk; warning
    @(76.2000 mm, 80.7000 mm): PCB text 'FOOTSW 6.4' on F.Silkscreen
    @(76.2000 mm, 81.2000 mm): Reference field of J6
[silk_overlap]: Silkscreen clearance
    Rule: board setup constraints silk; warning
    @(93.2000 mm, 23.7000 mm): PCB text 'EXT 6.5' on F.Silkscreen
    @(93.2000 mm, 24.2000 mm): Reference field of S2
[silk_overlap]: Silkscreen clearance
    Rule: board setup constraints silk; warning
    @(88.6000 mm, 27.0000 mm): Footprint text of S2 (1)
    @(87.3600 mm, 26.7300 mm): Segment of S2 on F.Silkscreen
[silk_overlap]: Silkscreen clearance
    Rule: board setup constraints silk; warning
    @(110.2000 mm, 24.2000 mm): Reference field of S3
    @(110.2000 mm, 23.7000 mm): PCB text 'FBDYN 6.5' on F.Silkscreen
[silk_overlap]: Silkscreen clearance
    Rule: board setup constraints silk; warning
    @(107.8000 mm, 27.0000 mm): Footprint text of S3 (1)
    @(106.6500 mm, 26.7300 mm): Segment of S3 on F.Silkscreen
[silk_overlap]: Silkscreen clearance
    Rule: board setup constraints silk; warning
    @(125.7000 mm, 43.7000 mm): PCB text 'J4 24 + 2x3.2' on F.Silkscreen
    @(127.2000 mm, 42.7000 mm): PCB text 'PHASE 6.5' on F.Silkscreen
[silk_overlap]: Silkscreen clearance
    Rule: board setup constraints silk; warning
    @(124.8000 mm, 27.0000 mm): Footprint text of S4 (1)
    @(123.6500 mm, 26.7300 mm): Segment of S4 on F.Silkscreen
[silk_over_copper]: Silkscreen clipped by solder mask
    Local override; warning
    @(25.2000 mm, 33.2000 mm): PCB text '+' on F.Silkscreen
    @(25.2000 mm, 33.2000 mm): PTH pad 2 [+5VAUX] of S1
[silk_over_copper]: Silkscreen clipped by solder mask
    Local override; warning
    @(42.2000 mm, 33.2000 mm): PCB text '+' on F.Silkscreen
    @(42.2000 mm, 33.2000 mm): PTH pad 2 [+5VAUX] of S5
[silk_over_copper]: Silkscreen clipped by solder mask
    Local override; warning
    @(59.2000 mm, 33.2000 mm): PCB text '+' on F.Silkscreen
    @(59.2000 mm, 33.2000 mm): PTH pad 2 [+5VAUX] of S6
[silk_over_copper]: Silkscreen clipped by solder mask
    Local override; warning
    @(76.2000 mm, 19.7000 mm): PCB text 'DC 8.2' on F.Silkscreen
    @(73.7000 mm, 20.2000 mm): PTH pad 1 [CTL_DIRT] of P6
[silk_over_copper]: Silkscreen clipped by solder mask
    Local override; warning
    @(76.2000 mm, 10.2000 mm): PCB text '+' on F.Silkscreen
    @(76.2000 mm, 10.2000 mm): NPTH pad of J5
[silk_over_copper]: Silkscreen clipped by solder mask
    Local override; warning
    @(50.7000 mm, 109.2000 mm): PCB text 'EXT MIX 9.5' on F.Silkscreen
    @(50.7000 mm, 109.7000 mm): PTH pad 2 [EXM_L_W] of VR6
[silk_over_copper]: Silkscreen clipped by solder mask
    Local override; warning
    @(50.7000 mm, 109.2000 mm): PCB text 'EXT MIX 9.5' on F.Silkscreen
    @(53.2000 mm, 109.7000 mm): PTH pad 3 [SEC_BUF_L] of VR6
[silk_over_copper]: Silkscreen clipped by solder mask
    Local override; warning
    @(50.7000 mm, 109.2000 mm): PCB text 'EXT MIX 9.5' on F.Silkscreen
    @(48.2000 mm, 109.7000 mm): PTH pad 1 [AGND] of VR6
[silk_over_copper]: Silkscreen clipped by solder mask
    Local override; warning
    @(76.2000 mm, 122.7000 mm): PCB text 'FEEDBACK 9.5' on F.Silkscreen
    @(73.7000 mm, 123.2000 mm): PTH pad 1 [AGND] of VR7
[silk_over_copper]: Silkscreen clipped by solder mask
    Local override; warning
    @(76.2000 mm, 122.7000 mm): PCB text 'FEEDBACK 9.5' on F.Silkscreen
    @(76.2000 mm, 123.2000 mm): PTH pad 2 [FBP_L_W] of VR7
[silk_over_copper]: Silkscreen clipped by solder mask
    Local override; warning
    @(76.2000 mm, 122.7000 mm): PCB text 'FEEDBACK 9.5' on F.Silkscreen
    @(78.7000 mm, 123.2000 mm): PTH pad 3 [WET_RAW_L] of VR7
[silk_over_copper]: Silkscreen clipped by solder mask
    Local override; warning
    @(76.2000 mm, 129.7000 mm): PCB text 'GAIN 9.5' on F.Silkscreen
    @(78.7000 mm, 129.2000 mm): PTH pad 1 [GAIN_L_LO] of VR3
[silk_over_copper]: Silkscreen clipped by solder mask
    Local override; warning
    @(76.2000 mm, 129.7000 mm): PCB text 'GAIN 9.5' on F.Silkscreen
    @(73.7000 mm, 129.2000 mm): PTH pad 3 [GAIN_L_HI] of VR3
[silk_over_copper]: Silkscreen clipped by solder mask
    Local override; warning
    @(76.2000 mm, 129.7000 mm): PCB text 'GAIN 9.5' on F.Silkscreen
    @(76.2000 mm, 129.2000 mm): PTH pad 2 [GAIN_L_W] of VR3
[silk_over_copper]: Silkscreen clipped by solder mask
    Local override; warning
    @(80.8200 mm, 85.5800 mm): Segment of J6 on F.Silkscreen
    @(80.6000 mm, 89.4600 mm): PTH pad S [AGND] of J6
[silk_over_copper]: Silkscreen clipped by solder mask
    Local override; warning
    @(76.2000 mm, 33.2000 mm): PCB text '+' on F.Silkscreen
    @(76.2000 mm, 33.2000 mm): PTH pad 2 [+5VAUX] of S7
[silk_over_copper]: Silkscreen clipped by solder mask
    Local override; warning
    @(93.2000 mm, 33.2000 mm): PCB text '+' on F.Silkscreen
    @(93.2000 mm, 33.2000 mm): NPTH pad of S2
[silk_over_copper]: Silkscreen clipped by solder mask
    Local override; warning
    @(93.2000 mm, 33.2000 mm): PCB text '+' on F.Silkscreen
    @(90.7850 mm, 33.2000 mm): PTH pad 2 [+5VAUX] of S2
[silk_over_copper]: Silkscreen clipped by solder mask
    Local override; warning
    @(93.2000 mm, 33.2000 mm): PCB text '+' on F.Silkscreen
    @(95.6150 mm, 33.2000 mm): PTH pad 5 [+5VAUX] of S2
[silk_over_copper]: Silkscreen clipped by solder mask
    Local override; warning
    @(101.7000 mm, 109.2000 mm): PCB text 'WET/DRY 9.5' on F.Silkscreen
    @(99.2000 mm, 109.7000 mm): PTH pad 1 [L_PROG] of VR8
[silk_over_copper]: Silkscreen clipped by solder mask
    Local override; warning
    @(101.7000 mm, 109.2000 mm): PCB text 'WET/DRY 9.5' on F.Silkscreen
    @(101.7000 mm, 109.7000 mm): PTH pad 2 [WD_L_W] of VR8
[silk_over_copper]: Silkscreen clipped by solder mask
    Local override; warning
    @(101.7000 mm, 109.2000 mm): PCB text 'WET/DRY 9.5' on F.Silkscreen
    @(104.2000 mm, 109.7000 mm): PTH pad 3 [WET_L] of VR8
[silk_over_copper]: Silkscreen clipped by solder mask
    Local override; warning
    @(110.2000 mm, 33.2000 mm): PCB text '+' on F.Silkscreen
    @(110.2000 mm, 33.2000 mm): PTH pad 2 [+5VAUX] of S3
[silk_over_copper]: Silkscreen clipped by solder mask
    Local override; warning
    @(127.2000 mm, 33.2000 mm): PCB text '+' on F.Silkscreen
    @(127.2000 mm, 33.2000 mm): PTH pad 2 [+5VAUX] of S4

** Found 0 unconnected pads **

** Found 5 Footprint errors **
[net_conflict]: Pad missing net given by schematic (unconnected-(S2B-C-Pad6))
    Local override; warning
    @(95.6150 mm, 37.9000 mm): PTH pad 6 [<no net>] of S2
[net_conflict]: Pad missing net given by schematic (unconnected-(S4-C-Pad3))
    Local override; warning
    @(127.2000 mm, 37.9000 mm): PTH pad 3 [<no net>] of S4
[net_conflict]: Pad missing net given by schematic (unconnected-(S5-A-Pad1))
    Local override; warning
    @(42.2000 mm, 28.5000 mm): PTH pad 1 [<no net>] of S5
[net_conflict]: Pad missing net given by schematic (unconnected-(S6-A-Pad1))
    Local override; warning
    @(59.2000 mm, 28.5000 mm): PTH pad 1 [<no net>] of S6
[net_conflict]: Pad missing net given by schematic (unconnected-(S7-A-Pad1))
    Local override; warning
    @(76.2000 mm, 28.5000 mm): PTH pad 1 [<no net>] of S7

** Ignored checks **
    - Footprint has no courtyard defined
    - Track endpoint not centered on via
    - Tuning profile track geometries
    - Footprint doesn't match symbol's footprint filters
    - Footprint component type doesn't match footprint pads

** End of Report **
