** Drc report for power-board.kicad_pcb **
** Created on 2026-09-15T17:53:04 **
** Report includes: Errors, Warnings, Exclusions **

** Found 11 DRC violations **
[silk_edge_clearance]: Silkscreen clipped by board edge
    Rule: board setup constraints silk; warning
    @(0.0000 mm, 0.0000 mm): Segment on Edge.Cuts
    @(44.6450 mm, 0.1950 mm): Reference field of PS1
[silk_overlap]: Silkscreen clearance
    Rule: board setup constraints silk; warning
    @(78.8450 mm, 10.9350 mm): Reference field of C42
    @(76.5050 mm, 10.5950 mm): Segment of PS2 on F.Silkscreen
[silk_overlap]: Silkscreen clearance
    Rule: board setup constraints silk; warning
    @(78.8450 mm, 10.9350 mm): Reference field of C42
    @(88.4650 mm, 10.3550 mm): Segment of PS2 on F.Silkscreen
[silk_overlap]: Silkscreen clearance
    Rule: board setup constraints silk; warning
    @(43.6950 mm, 26.1350 mm): Reference field of C22
    @(37.6850 mm, 25.7050 mm): Segment of PS1 on F.Silkscreen
[silk_overlap]: Silkscreen clearance
    Rule: board setup constraints silk; warning
    @(40.3994 mm, 35.7950 mm): Segment of C22 on F.Silkscreen
    @(47.6650 mm, 36.3250 mm): Reference field of C32
[silk_overlap]: Silkscreen clearance
    Rule: board setup constraints silk; warning
    @(40.3994 mm, 35.7950 mm): Segment of C22 on F.Silkscreen
    @(43.6150 mm, 36.3250 mm): Reference field of C31
[silk_overlap]: Silkscreen clearance
    Rule: board setup constraints silk; warning
    @(48.0550 mm, 35.7950 mm): Segment of C22 on F.Silkscreen
    @(47.6650 mm, 36.3250 mm): Reference field of C32
[silk_overlap]: Silkscreen clearance
    Rule: board setup constraints silk; warning
    @(18.0450 mm, 10.8850 mm): Reference field of D2
    @(16.3350 mm, 9.3406 mm): Segment of C1 on F.Silkscreen
[silk_overlap]: Silkscreen clearance
    Rule: board setup constraints silk; warning
    @(17.3994 mm, 10.4050 mm): Segment of C1 on F.Silkscreen
    @(18.0450 mm, 10.8850 mm): Reference field of D2
[silk_overlap]: Silkscreen clearance
    Rule: board setup constraints silk; warning
    @(17.3994 mm, 10.4050 mm): Segment of C1 on F.Silkscreen
    @(25.5850 mm, 10.9350 mm): Reference field of F1
[silk_overlap]: Silkscreen clearance
    Rule: board setup constraints silk; warning
    @(25.0550 mm, 10.4050 mm): Segment of C1 on F.Silkscreen
    @(25.5850 mm, 10.9350 mm): Reference field of F1

** Found 0 unconnected pads **

** Found 0 Footprint errors **

** Ignored checks **
    - Footprint has no courtyard defined
    - Track endpoint not centered on via
    - Tuning profile track geometries
    - Footprint doesn't match symbol's footprint filters
    - Footprint component type doesn't match footprint pads

** End of Report **
