** Drc report for ext-tank-routing.kicad_pcb **
** Created on 2026-07-04T10:25:19 **
** Report includes: Errors, Warnings **

** Found 22 DRC violations **
[silk_overlap]: Silkscreen clearance
    Rule: board setup constraints silk; warning
    @(35.5400 mm, 52.5600 mm): Rectangle of P201 on F.Silkscreen
    @(34.4500 mm, 47.5000 mm): Reference field of P201
[silk_overlap]: Silkscreen clearance
    Rule: board setup constraints silk; warning
    @(34.4500 mm, 47.5000 mm): Reference field of P201
    @(35.5500 mm, 49.2500 mm): Rectangle of P201 on F.Silkscreen
[silk_overlap]: Silkscreen clearance
    Rule: board setup constraints silk; warning
    @(33.1000 mm, 78.0600 mm): Reference field of P207
    @(34.1900 mm, 84.8600 mm): Segment of P207 on F.Silkscreen
[silk_overlap]: Silkscreen clearance
    Rule: board setup constraints silk; warning
    @(34.4500 mm, 63.5000 mm): Reference field of P205
    @(35.5500 mm, 65.2500 mm): Rectangle of P205 on F.Silkscreen
[silk_overlap]: Silkscreen clearance
    Rule: board setup constraints silk; warning
    @(35.5400 mm, 68.5600 mm): Rectangle of P205 on F.Silkscreen
    @(34.4500 mm, 63.5000 mm): Reference field of P205
[silk_overlap]: Silkscreen clearance
    Rule: board setup constraints silk; warning
    @(145.5500 mm, 76.2500 mm): Reference field of P203
    @(144.4500 mm, 70.7500 mm): Rectangle of P203 on F.Silkscreen
[silk_overlap]: Silkscreen clearance
    Rule: board setup constraints silk; warning
    @(144.4600 mm, 67.4400 mm): Rectangle of P203 on F.Silkscreen
    @(145.5500 mm, 76.2500 mm): Reference field of P203
[silk_overlap]: Silkscreen clearance
    Rule: board setup constraints silk; warning
    @(144.4500 mm, 44.7500 mm): Rectangle of P202 on F.Silkscreen
    @(145.5500 mm, 50.2500 mm): Reference field of P202
[silk_overlap]: Silkscreen clearance
    Rule: board setup constraints silk; warning
    @(145.5500 mm, 50.2500 mm): Reference field of P202
    @(144.4600 mm, 41.4400 mm): Rectangle of P202 on F.Silkscreen
[silk_overlap]: Silkscreen clearance
    Rule: board setup constraints silk; warning
    @(113.5000 mm, 74.1900 mm): Reference field of K202
    @(114.6000 mm, 69.0000 mm): Segment of K202 on F.Silkscreen
[silk_overlap]: Silkscreen clearance
    Rule: board setup constraints silk; warning
    @(113.5000 mm, 74.1900 mm): Reference field of K202
    @(114.6000 mm, 69.0000 mm): Segment of K202 on F.Silkscreen
[silk_overlap]: Silkscreen clearance
    Rule: board setup constraints silk; warning
    @(113.5000 mm, 74.1900 mm): Reference field of K202
    @(114.6000 mm, 69.0000 mm): Segment of K202 on F.Silkscreen
[silk_overlap]: Silkscreen clearance
    Rule: board setup constraints silk; warning
    @(92.0000 mm, 68.3500 mm): Reference field of R251
    @(91.7387 mm, 68.7350 mm): Segment of C297 on F.Silkscreen
[silk_overlap]: Silkscreen clearance
    Rule: board setup constraints silk; warning
    @(77.7387 mm, 68.7350 mm): Segment of C295 on F.Silkscreen
    @(78.0000 mm, 68.3500 mm): Reference field of R231
[silk_overlap]: Silkscreen clearance
    Rule: board setup constraints silk; warning
    @(113.5000 mm, 74.1900 mm): Reference field of K202
    @(114.6000 mm, 69.0000 mm): Segment of K202 on F.Silkscreen
[silk_overlap]: Silkscreen clearance
    Rule: board setup constraints silk; warning
    @(85.0000 mm, 68.3500 mm): Reference field of R232
    @(84.7387 mm, 68.7350 mm): Segment of C296 on F.Silkscreen
[silk_over_copper]: Silkscreen clipped by solder mask
    Local override; warning
    @(85.0000 mm, 68.3500 mm): Reference field of R232
    @(84.0500 mm, 68.0000 mm): Pad 1 [+15VA] of C296 on F.Cu
[silk_over_copper]: Silkscreen clipped by solder mask
    Local override; warning
    @(85.0000 mm, 68.3500 mm): Reference field of R232
    @(85.9500 mm, 68.0000 mm): Pad 2 [AGND] of C296 on F.Cu
[silk_over_copper]: Silkscreen clipped by solder mask
    Local override; warning
    @(92.0000 mm, 68.3500 mm): Reference field of R251
    @(91.0500 mm, 68.0000 mm): Pad 1 [-15VA] of C297 on F.Cu
[silk_over_copper]: Silkscreen clipped by solder mask
    Local override; warning
    @(92.0000 mm, 68.3500 mm): Reference field of R251
    @(92.9500 mm, 68.0000 mm): Pad 2 [AGND] of C297 on F.Cu
[silk_over_copper]: Silkscreen clipped by solder mask
    Local override; warning
    @(78.0000 mm, 68.3500 mm): Reference field of R231
    @(77.0500 mm, 68.0000 mm): Pad 1 [+5VAUX] of C295 on F.Cu
[silk_over_copper]: Silkscreen clipped by solder mask
    Local override; warning
    @(78.0000 mm, 68.3500 mm): Reference field of R231
    @(78.9500 mm, 68.0000 mm): Pad 2 [AGND] of C295 on F.Cu

** Found 2 unconnected pads **
[unconnected_items]: Missing connection between items
    Local override; error
    @(31.0000 mm, 31.0000 mm): Zone [AGND] on F.Cu, priority 0
    @(63.5250 mm, 61.2700 mm): Pad 5 [AGND] of U201 on F.Cu
[unconnected_items]: Missing connection between items
    Local override; error
    @(31.0000 mm, 31.0000 mm): Zone [AGND] on B.Cu, priority 0
    @(31.0000 mm, 31.0000 mm): Zone [AGND] on F.Cu, priority 0

** Found 0 Footprint errors **

** Ignored checks **
    - Footprint has no courtyard defined
    - Track endpoint not centered on via
    - Tuning profile track geometries
    - Footprint doesn't match symbol's footprint filters
    - Footprint component type doesn't match footprint pads

** End of Report **
